
> triage-inbox@0.1.0 check:browser
> node scripts/plans/make-review.mjs && node scripts/capture.mjs scripts/plans/review.json

[axe-inbox-day] {
 "violations": [],
 "passes": 31
}
[axe-drafting-day] {
 "violations": [],
 "passes": 29
}
[axe-draft-failed-day] {
 "violations": [],
 "passes": 29
}
[axe-collision-offline-day] {
 "violations": [],
 "passes": 29
}
[axe-phone-day] {
 "violations": [],
 "passes": 27
}
[axe-tablet-day] {
 "violations": [],
 "passes": 29
}
[axe-quality-day] {
 "violations": [],
 "passes": 21
}
[axe-flow-day] {
 "violations": [],
 "passes": 23
}
[axe-cases-day] {
 "violations": [],
 "passes": 21
}
[sidebar-motion-day] {
 "initial": 340,
 "closing": 274,
 "closed": 0,
 "opening": 66,
 "restored": 340,
 "reversed": 340,
 "focusReturned": true,
 "inert": true,
 "reduced": false,
 "closeAnimations": [
  220
 ],
 "closingFrames": [
  340,
  274,
  182,
  91,
  51,
  31,
  8,
  1,
  0,
  0,
  0,
  0,
  0,
  0,
  0,
  0,
  0,
  0,
  0,
  0,
  0,
  0,
  0,
  0
 ],
 "openingFrames": [
  0,
  0,
  66,
  158,
  249,
  309,
  332,
  339,
  340,
  340,
  340,
  340,
  340,
  340,
  340,
  340,
  340,
  340,
  340,
  340,
  340,
  340,
  340,
  340
 ]
}
[section-motion-day] {
 "before": 304,
 "during": 223,
 "closed": 42,
 "after": 304
}
[sidebar-reduced-day] {
 "initial": 340,
 "closing": 0,
 "closed": 0,
 "opening": 340,
 "restored": 340,
 "reversed": 340,
 "focusReturned": true,
 "inert": true,
 "reduced": true,
 "closeAnimations": [],
 "closingFrames": [
  0,
  0,
  0,
  0,
  0,
  0,
  0,
  0,
  0,
  0,
  0,
  0,
  0,
  0,
  0,
  0,
  0,
  0,
  0,
  0,
  0,
  0,
  0,
  0
 ],
 "openingFrames": [
  340,
  340,
  340,
  340,
  340,
  340,
  340,
  340,
  340,
  340,
  340,
  340,
  340,
  340,
  340,
  340,
  340,
  340,
  340,
  340,
  340,
  340,
  340,
  340
 ]
}
[axe-inbox-night] {
 "violations": [],
 "passes": 31
}
[axe-drafting-night] {
 "violations": [],
 "passes": 29
}
[axe-draft-failed-night] {
 "violations": [],
 "passes": 29
}
[axe-collision-offline-night] {
 "violations": [],
 "passes": 29
}
[axe-phone-night] {
 "violations": [],
 "passes": 27
}
[axe-tablet-night] {
 "violations": [],
 "passes": 29
}
[axe-quality-night] {
 "violations": [],
 "passes": 21
}
[axe-flow-night] {
 "violations": [],
 "passes": 23
}
[axe-cases-night] {
 "violations": [],
 "passes": 21
}
[sidebar-motion-night] {
 "initial": 340,
 "closing": 274,
 "closed": 0,
 "opening": 66,
 "restored": 340,
 "reversed": 340,
 "focusReturned": true,
 "inert": true,
 "reduced": false,
 "closeAnimations": [
  220
 ],
 "closingFrames": [
  340,
  274,
  182,
  91,
  51,
  31,
  13,
  5,
  2,
  0,
  0,
  0,
  0,
  0,
  0,
  0,
  0,
  0,
  0,
  0,
  0,
  0,
  0,
  0
 ],
 "openingFrames": [
  0,
  0,
  66,
  158,
  249,
  320,
  332,
  339,
  340,
  340,
  340,
  340,
  340,
  340,
  340,
  340,
  340,
  340,
  340,
  340,
  340,
  340,
  340,
  340
 ]
}
[section-motion-night] {
 "before": 304,
 "during": 223,
 "closed": 42,
 "after": 304
}
[sidebar-reduced-night] {
 "initial": 340,
 "closing": 0,
 "closed": 0,
 "opening": 340,
 "restored": 340,
 "reversed": 340,
 "focusReturned": true,
 "inert": true,
 "reduced": true,
 "closeAnimations": [],
 "closingFrames": [
  0,
  0,
  0,
  0,
  0,
  0,
  0,
  0,
  0,
  0,
  0,
  0,
  0,
  0,
  0,
  0,
  0,
  0,
  0,
  0,
  0,
  0,
  0,
  0
 ],
 "openingFrames": [
  340,
  340,
  340,
  340,
  340,
  340,
  340,
  340,
  340,
  340,
  340,
  340,
  340,
  340,
  340,
  340,
  340,
  340,
  340,
  340,
  340,
  340,
  340,
  340
 ]
}
